============================= test session starts =============================
platform win32 -- Python 3.12.10, pytest-8.2.0, pluggy-1.6.0
rootdir: D:\code\Hack2SkillsxGoogle\PromptWar(Virtual)\PromptWarChallenge-2(vscode)
configfile: pyproject.toml
plugins: anyio-4.13.0, asyncio-0.23.6, cov-5.0.0, respx-0.21.1
asyncio: mode=Mode.AUTO
collected 1 item

tests\test_checklist.py F                                                [100%]

================================== FAILURES ===================================
________________________ test_checklist_seeds_defaults ________________________

client = <starlette.testclient.TestClient object at 0x000001EEFE44C530>
auth_headers = {'Authorization': 'Bearer test-token'}

    def test_checklist_seeds_defaults(client, auth_headers):
        mock_sb = MagicMock()
        mock_sb.table.return_value.select.return_value.eq.return_value.execute.return_value.data = []
        mock_sb.table.return_value.insert.return_value.execute.return_value = None
        mock_sb.table.return_value.select.return_value.eq.return_value.execute.return_value.data = [
            {"id": "1", "item_id": "check_registration", "label": "Check your voter registration status", "completed": False, "completed_at": None}
        ]
        with patch("services.supabase_client.get_supabase", return_value=mock_sb), \
             patch("services.supabase_client.verify_session", return_value="test-uid"):
>           r = client.get("/api/checklist", headers=auth_headers)

tests\test_checklist.py:20: 
_ _ _ _ _ _ _ _ _ _ _ _ _ _ _ _ _ _ _ _ _ _ _ _ _ _ _ _ _ _ _ _ _ _ _ _ _ _ _ _

self = <starlette.testclient.TestClient object at 0x000001EEFE44C530>
url = '/api/checklist'

    def get(  # type: ignore[override]
        self,
        url: httpx._types.URLTypes,
        *,
        params: httpx._types.QueryParamTypes | None = None,
        headers: httpx._types.HeaderTypes | None = None,
        cookies: httpx._types.CookieTypes | None = None,
        auth: httpx._types.AuthTypes
        | httpx._client.UseClientDefault = httpx._client.USE_CLIENT_DEFAULT,
        follow_redirects: bool | None = None,
        allow_redirects: bool | None = None,
        timeout: httpx._types.TimeoutTypes
        | httpx._client.UseClientDefault = httpx._client.USE_CLIENT_DEFAULT,
        extensions: dict[str, typing.Any] | None = None,
    ) -> httpx.Response:
        redirect = self._choose_redirect_arg(follow_redirects, allow_redirects)
>       return super().get(
            url,
            params=params,
            headers=headers,
            cookies=cookies,
            auth=auth,
            follow_redirects=redirect,
            timeout=timeout,
            extensions=extensions,
        )

C:\Users\naaptol\AppData\Local\Programs\Python\Python312\Lib\site-packages\starlette\testclient.py:548: 
_ _ _ _ _ _ _ _ _ _ _ _ _ _ _ _ _ _ _ _ _ _ _ _ _ _ _ _ _ _ _ _ _ _ _ _ _ _ _ _

self = <starlette.testclient.TestClient object at 0x000001EEFE44C530>
url = '/api/checklist'

    def get(
        self,
        url: URLTypes,
        *,
        params: typing.Optional[QueryParamTypes] = None,
        headers: typing.Optional[HeaderTypes] = None,
        cookies: typing.Optional[CookieTypes] = None,
        auth: typing.Union[AuthTypes, UseClientDefault] = USE_CLIENT_DEFAULT,
        follow_redirects: typing.Union[bool, UseClientDefault] = USE_CLIENT_DEFAULT,
        timeout: typing.Union[TimeoutTypes, UseClientDefault] = USE_CLIENT_DEFAULT,
        extensions: typing.Optional[RequestExtensions] = None,
    ) -> Response:
        """
        Send a `GET` request.
    
        **Parameters**: See `httpx.request`.
        """
>       return self.request(
            "GET",
            url,
            params=params,
            headers=headers,
            cookies=cookies,
            auth=auth,
            follow_redirects=follow_redirects,
            timeout=timeout,
            extensions=extensions,
        )

C:\Users\naaptol\AppData\Local\Programs\Python\Python312\Lib\site-packages\httpx\_client.py:1041: 
_ _ _ _ _ _ _ _ _ _ _ _ _ _ _ _ _ _ _ _ _ _ _ _ _ _ _ _ _ _ _ _ _ _ _ _ _ _ _ _

self = <starlette.testclient.TestClient object at 0x000001EEFE44C530>
method = 'GET', url = URL('http://testserver/api/checklist')

    def request(  # type: ignore[override]
        self,
        method: str,
        url: httpx._types.URLTypes,
        *,
        content: httpx._types.RequestContent | None = None,
        data: _RequestData | None = None,
        files: httpx._types.RequestFiles | None = None,
        json: typing.Any = None,
        params: httpx._types.QueryParamTypes | None = None,
        headers: httpx._types.HeaderTypes | None = None,
        cookies: httpx._types.CookieTypes | None = None,
        auth: httpx._types.AuthTypes
        | httpx._client.UseClientDefault = httpx._client.USE_CLIENT_DEFAULT,
        follow_redirects: bool | None = None,
        allow_redirects: bool | None = None,
        timeout: httpx._types.TimeoutTypes
        | httpx._client.UseClientDefault = httpx._client.USE_CLIENT_DEFAULT,
        extensions: dict[str, typing.Any] | None = None,
    ) -> httpx.Response:
        url = self._merge_url(url)
        redirect = self._choose_redirect_arg(follow_redirects, allow_redirects)
>       return super().request(
            method,
            url,
            content=content,
            data=data,
            files=files,
            json=json,
            params=params,
            headers=headers,
            cookies=cookies,
            auth=auth,
            follow_redirects=redirect,
            timeout=timeout,
            extensions=extensions,
        )

C:\Users\naaptol\AppData\Local\Programs\Python\Python312\Lib\site-packages\starlette\testclient.py:516: 
_ _ _ _ _ _ _ _ _ _ _ _ _ _ _ _ _ _ _ _ _ _ _ _ _ _ _ _ _ _ _ _ _ _ _ _ _ _ _ _

self = <starlette.testclient.TestClient object at 0x000001EEFE44C530>
method = 'GET', url = URL('http://testserver/api/checklist')

    def request(
        self,
        method: str,
        url: URLTypes,
        *,
        content: typing.Optional[RequestContent] = None,
        data: typing.Optional[RequestData] = None,
        files: typing.Optional[RequestFiles] = None,
        json: typing.Optional[typing.Any] = None,
        params: typing.Optional[QueryParamTypes] = None,
        headers: typing.Optional[HeaderTypes] = None,
        cookies: typing.Optional[CookieTypes] = None,
        auth: typing.Union[AuthTypes, UseClientDefault, None] = USE_CLIENT_DEFAULT,
        follow_redirects: typing.Union[bool, UseClientDefault] = USE_CLIENT_DEFAULT,
        timeout: typing.Union[TimeoutTypes, UseClientDefault] = USE_CLIENT_DEFAULT,
        extensions: typing.Optional[RequestExtensions] = None,
    ) -> Response:
        """
        Build and send a request.
    
        Equivalent to:
    
        ```python
        request = client.build_request(...)
        response = client.send(request, ...)
        ```
    
        See `Client.build_request()`, `Client.send()` and
        [Merging of configuration][0] for how the various parameters
        are merged with client-level configuration.
    
        [0]: /advanced/#merging-of-configuration
        """
        if cookies is not None:
            message = (
                "Setting per-request cookies=<...> is being deprecated, because "
                "the expected behaviour on cookie persistence is ambiguous. Set "
                "cookies directly on the client instance instead."
            )
            warnings.warn(message, DeprecationWarning)
    
        request = self.build_request(
            method=method,
            url=url,
            content=content,
            data=data,
            files=files,
            json=json,
            params=params,
            headers=headers,
            cookies=cookies,
            timeout=timeout,
            extensions=extensions,
        )
>       return self.send(request, auth=auth, follow_redirects=follow_redirects)

C:\Users\naaptol\AppData\Local\Programs\Python\Python312\Lib\site-packages\httpx\_client.py:814: 
_ _ _ _ _ _ _ _ _ _ _ _ _ _ _ _ _ _ _ _ _ _ _ _ _ _ _ _ _ _ _ _ _ _ _ _ _ _ _ _

self = <starlette.testclient.TestClient object at 0x000001EEFE44C530>
request = <Request('GET', 'http://testserver/api/checklist')>

    def send(
        self,
        request: Request,
        *,
        stream: bool = False,
        auth: typing.Union[AuthTypes, UseClientDefault, None] = USE_CLIENT_DEFAULT,
        follow_redirects: typing.Union[bool, UseClientDefault] = USE_CLIENT_DEFAULT,
    ) -> Response:
        """
        Send a request.
    
        The request is sent as-is, unmodified.
    
        Typically you'll want to build one with `Client.build_request()`
        so that any client-level configuration is merged into the request,
        but passing an explicit `httpx.Request()` is supported as well.
    
        See also: [Request instances][0]
    
        [0]: /advanced/#request-instances
        """
        if self._state == ClientState.CLOSED:
            raise RuntimeError("Cannot send a request, as the client has been closed.")
    
        self._state = ClientState.OPENED
        follow_redirects = (
            self.follow_redirects
            if isinstance(follow_redirects, UseClientDefault)
            else follow_redirects
        )
    
        auth = self._build_request_auth(request, auth)
    
>       response = self._send_handling_auth(
            request,
            auth=auth,
            follow_redirects=follow_redirects,
            history=[],
        )

C:\Users\naaptol\AppData\Local\Programs\Python\Python312\Lib\site-packages\httpx\_client.py:901: 
_ _ _ _ _ _ _ _ _ _ _ _ _ _ _ _ _ _ _ _ _ _ _ _ _ _ _ _ _ _ _ _ _ _ _ _ _ _ _ _

self = <starlette.testclient.TestClient object at 0x000001EEFE44C530>
request = <Request('GET', 'http://testserver/api/checklist')>
auth = <httpx.Auth object at 0x000001EE90F06D50>, follow_redirects = True
history = []

    def _send_handling_auth(
        self,
        request: Request,
        auth: Auth,
        follow_redirects: bool,
        history: typing.List[Response],
    ) -> Response:
        auth_flow = auth.sync_auth_flow(request)
        try:
            request = next(auth_flow)
    
            while True:
>               response = self._send_handling_redirects(
                    request,
                    follow_redirects=follow_redirects,
                    history=history,
                )

C:\Users\naaptol\AppData\Local\Programs\Python\Python312\Lib\site-packages\httpx\_client.py:929: 
_ _ _ _ _ _ _ _ _ _ _ _ _ _ _ _ _ _ _ _ _ _ _ _ _ _ _ _ _ _ _ _ _ _ _ _ _ _ _ _

self = <starlette.testclient.TestClient object at 0x000001EEFE44C530>
request = <Request('GET', 'http://testserver/api/checklist')>
follow_redirects = True, history = []

    def _send_handling_redirects(
        self,
        request: Request,
        follow_redirects: bool,
        history: typing.List[Response],
    ) -> Response:
        while True:
            if len(history) > self.max_redirects:
                raise TooManyRedirects(
                    "Exceeded maximum allowed redirects.", request=request
                )
    
            for hook in self._event_hooks["request"]:
                hook(request)
    
>           response = self._send_single_request(request)

C:\Users\naaptol\AppData\Local\Programs\Python\Python312\Lib\site-packages\httpx\_client.py:966: 
_ _ _ _ _ _ _ _ _ _ _ _ _ _ _ _ _ _ _ _ _ _ _ _ _ _ _ _ _ _ _ _ _ _ _ _ _ _ _ _

self = <starlette.testclient.TestClient object at 0x000001EEFE44C530>
request = <Request('GET', 'http://testserver/api/checklist')>

    def _send_single_request(self, request: Request) -> Response:
        """
        Sends a single request, without handling any redirections.
        """
        transport = self._transport_for_url(request.url)
        timer = Timer()
        timer.sync_start()
    
        if not isinstance(request.stream, SyncByteStream):
            raise RuntimeError(
                "Attempted to send an async request with a sync Client instance."
            )
    
        with request_context(request=request):
>           response = transport.handle_request(request)

C:\Users\naaptol\AppData\Local\Programs\Python\Python312\Lib\site-packages\httpx\_client.py:1002: 
_ _ _ _ _ _ _ _ _ _ _ _ _ _ _ _ _ _ _ _ _ _ _ _ _ _ _ _ _ _ _ _ _ _ _ _ _ _ _ _

self = <starlette.testclient._TestClientTransport object at 0x000001EEFE44C5C0>
request = <Request('GET', 'http://testserver/api/checklist')>

    def handle_request(self, request: httpx.Request) -> httpx.Response:
        scheme = request.url.scheme
        netloc = request.url.netloc.decode(encoding="ascii")
        path = request.url.path
        raw_path = request.url.raw_path
        query = request.url.query.decode(encoding="ascii")
    
        default_port = {"http": 80, "ws": 80, "https": 443, "wss": 443}[scheme]
    
        if ":" in netloc:
            host, port_string = netloc.split(":", 1)
            port = int(port_string)
        else:
            host = netloc
            port = default_port
    
        # Include the 'host' header.
        if "host" in request.headers:
            headers: list[tuple[bytes, bytes]] = []
        elif port == default_port:  # pragma: no cover
            headers = [(b"host", host.encode())]
        else:  # pragma: no cover
            headers = [(b"host", (f"{host}:{port}").encode())]
    
        # Include other request headers.
        headers += [
            (key.lower().encode(), value.encode())
            for key, value in request.headers.multi_items()
        ]
    
        scope: dict[str, typing.Any]
    
        if scheme in {"ws", "wss"}:
            subprotocol = request.headers.get("sec-websocket-protocol", None)
            if subprotocol is None:
                subprotocols: typing.Sequence[str] = []
            else:
                subprotocols = [value.strip() for value in subprotocol.split(",")]
            scope = {
                "type": "websocket",
                "path": unquote(path),
                "raw_path": raw_path,
                "root_path": self.root_path,
                "scheme": scheme,
                "query_string": query.encode(),
                "headers": headers,
                "client": ["testclient", 50000],
                "server": [host, port],
                "subprotocols": subprotocols,
                "state": self.app_state.copy(),
                "extensions": {"websocket.http.response": {}},
            }
            session = WebSocketTestSession(self.app, scope, self.portal_factory)
            raise _Upgrade(session)
    
        scope = {
            "type": "http",
            "http_version": "1.1",
            "method": request.method,
            "path": unquote(path),
            "raw_path": raw_path,
            "root_path": self.root_path,
            "scheme": scheme,
            "query_string": query.encode(),
            "headers": headers,
            "client": ["testclient", 50000],
            "server": [host, port],
            "extensions": {"http.response.debug": {}},
            "state": self.app_state.copy(),
        }
    
        request_complete = False
        response_started = False
        response_complete: anyio.Event
        raw_kwargs: dict[str, typing.Any] = {"stream": io.BytesIO()}
        template = None
        context = None
    
        async def receive() -> Message:
            nonlocal request_complete
    
            if request_complete:
                if not response_complete.is_set():
                    await response_complete.wait()
                return {"type": "http.disconnect"}
    
            body = request.read()
            if isinstance(body, str):
                body_bytes: bytes = body.encode("utf-8")  # pragma: no cover
            elif body is None:
                body_bytes = b""  # pragma: no cover
            elif isinstance(body, GeneratorType):
                try:  # pragma: no cover
                    chunk = body.send(None)
                    if isinstance(chunk, str):
                        chunk = chunk.encode("utf-8")
                    return {"type": "http.request", "body": chunk, "more_body": True}
                except StopIteration:  # pragma: no cover
                    request_complete = True
                    return {"type": "http.request", "body": b""}
            else:
                body_bytes = body
    
            request_complete = True
            return {"type": "http.request", "body": body_bytes}
    
        async def send(message: Message) -> None:
            nonlocal raw_kwargs, response_started, template, context
    
            if message["type"] == "http.response.start":
                assert (
                    not response_started
                ), 'Received multiple "http.response.start" messages.'
                raw_kwargs["status_code"] = message["status"]
                raw_kwargs["headers"] = [
                    (key.decode(), value.decode())
                    for key, value in message.get("headers", [])
                ]
                response_started = True
            elif message["type"] == "http.response.body":
                assert (
                    response_started
                ), 'Received "http.response.body" without "http.response.start".'
                assert (
                    not response_complete.is_set()
                ), 'Received "http.response.body" after response completed.'
                body = message.get("body", b"")
                more_body = message.get("more_body", False)
                if request.method != "HEAD":
                    raw_kwargs["stream"].write(body)
                if not more_body:
                    raw_kwargs["stream"].seek(0)
                    response_complete.set()
            elif message["type"] == "http.response.debug":
                template = message["info"]["template"]
                context = message["info"]["context"]
    
        try:
            with self.portal_factory() as portal:
                response_complete = portal.call(anyio.Event)
                portal.call(self.app, scope, receive, send)
        except BaseException as exc:
            if self.raise_server_exceptions:
>               raise exc

C:\Users\naaptol\AppData\Local\Programs\Python\Python312\Lib\site-packages\starlette\testclient.py:398: 
_ _ _ _ _ _ _ _ _ _ _ _ _ _ _ _ _ _ _ _ _ _ _ _ _ _ _ _ _ _ _ _ _ _ _ _ _ _ _ _

self = <starlette.testclient._TestClientTransport object at 0x000001EEFE44C5C0>
request = <Request('GET', 'http://testserver/api/checklist')>

    def handle_request(self, request: httpx.Request) -> httpx.Response:
        scheme = request.url.scheme
        netloc = request.url.netloc.decode(encoding="ascii")
        path = request.url.path
        raw_path = request.url.raw_path
        query = request.url.query.decode(encoding="ascii")
    
        default_port = {"http": 80, "ws": 80, "https": 443, "wss": 443}[scheme]
    
        if ":" in netloc:
            host, port_string = netloc.split(":", 1)
            port = int(port_string)
        else:
            host = netloc
            port = default_port
    
        # Include the 'host' header.
        if "host" in request.headers:
            headers: list[tuple[bytes, bytes]] = []
        elif port == default_port:  # pragma: no cover
            headers = [(b"host", host.encode())]
        else:  # pragma: no cover
            headers = [(b"host", (f"{host}:{port}").encode())]
    
        # Include other request headers.
        headers += [
            (key.lower().encode(), value.encode())
            for key, value in request.headers.multi_items()
        ]
    
        scope: dict[str, typing.Any]
    
        if scheme in {"ws", "wss"}:
            subprotocol = request.headers.get("sec-websocket-protocol", None)
            if subprotocol is None:
                subprotocols: typing.Sequence[str] = []
            else:
                subprotocols = [value.strip() for value in subprotocol.split(",")]
            scope = {
                "type": "websocket",
                "path": unquote(path),
                "raw_path": raw_path,
                "root_path": self.root_path,
                "scheme": scheme,
                "query_string": query.encode(),
                "headers": headers,
                "client": ["testclient", 50000],
                "server": [host, port],
                "subprotocols": subprotocols,
                "state": self.app_state.copy(),
                "extensions": {"websocket.http.response": {}},
            }
            session = WebSocketTestSession(self.app, scope, self.portal_factory)
            raise _Upgrade(session)
    
        scope = {
            "type": "http",
            "http_version": "1.1",
            "method": request.method,
            "path": unquote(path),
            "raw_path": raw_path,
            "root_path": self.root_path,
            "scheme": scheme,
            "query_string": query.encode(),
            "headers": headers,
            "client": ["testclient", 50000],
            "server": [host, port],
            "extensions": {"http.response.debug": {}},
            "state": self.app_state.copy(),
        }
    
        request_complete = False
        response_started = False
        response_complete: anyio.Event
        raw_kwargs: dict[str, typing.Any] = {"stream": io.BytesIO()}
        template = None
        context = None
    
        async def receive() -> Message:
            nonlocal request_complete
    
            if request_complete:
                if not response_complete.is_set():
                    await response_complete.wait()
                return {"type": "http.disconnect"}
    
            body = request.read()
            if isinstance(body, str):
                body_bytes: bytes = body.encode("utf-8")  # pragma: no cover
            elif body is None:
                body_bytes = b""  # pragma: no cover
            elif isinstance(body, GeneratorType):
                try:  # pragma: no cover
                    chunk = body.send(None)
                    if isinstance(chunk, str):
                        chunk = chunk.encode("utf-8")
                    return {"type": "http.request", "body": chunk, "more_body": True}
                except StopIteration:  # pragma: no cover
                    request_complete = True
                    return {"type": "http.request", "body": b""}
            else:
                body_bytes = body
    
            request_complete = True
            return {"type": "http.request", "body": body_bytes}
    
        async def send(message: Message) -> None:
            nonlocal raw_kwargs, response_started, template, context
    
            if message["type"] == "http.response.start":
                assert (
                    not response_started
                ), 'Received multiple "http.response.start" messages.'
                raw_kwargs["status_code"] = message["status"]
                raw_kwargs["headers"] = [
                    (key.decode(), value.decode())
                    for key, value in message.get("headers", [])
                ]
                response_started = True
            elif message["type"] == "http.response.body":
                assert (
                    response_started
                ), 'Received "http.response.body" without "http.response.start".'
                assert (
                    not response_complete.is_set()
                ), 'Received "http.response.body" after response completed.'
                body = message.get("body", b"")
                more_body = message.get("more_body", False)
                if request.method != "HEAD":
                    raw_kwargs["stream"].write(body)
                if not more_body:
                    raw_kwargs["stream"].seek(0)
                    response_complete.set()
            elif message["type"] == "http.response.debug":
                template = message["info"]["template"]
                context = message["info"]["context"]
    
        try:
            with self.portal_factory() as portal:
                response_complete = portal.call(anyio.Event)
>               portal.call(self.app, scope, receive, send)

C:\Users\naaptol\AppData\Local\Programs\Python\Python312\Lib\site-packages\starlette\testclient.py:395: 
_ _ _ _ _ _ _ _ _ _ _ _ _ _ _ _ _ _ _ _ _ _ _ _ _ _ _ _ _ _ _ _ _ _ _ _ _ _ _ _

self = <anyio.from_thread.BlockingPortal object at 0x000001EE90F054F0>
func = <fastapi.applications.FastAPI object at 0x000001EE90FD79E0>
args = ({'app': <fastapi.applications.FastAPI object at 0x000001EE90FD79E0>, 'client': ['testclient', 50000], 'endpoint': <fu...ls>.receive at 0x000001EE90F30040>, <function _TestClientTransport.handle_request.<locals>.send at 0x000001EE90FF6DE0>)

    def call(
        self,
        func: Callable[[Unpack[PosArgsT]], Awaitable[T_Retval] | T_Retval],
        *args: Unpack[PosArgsT],
    ) -> T_Retval:
        """
        Call the given function in the event loop thread.
    
        If the callable returns a coroutine object, it is awaited on.
    
        :param func: any callable
        :raises RuntimeError: if the portal is not running or if this method is called
            from within the event loop thread
    
        """
>       return cast(T_Retval, self.start_task_soon(func, *args).result())

C:\Users\naaptol\AppData\Local\Programs\Python\Python312\Lib\site-packages\anyio\from_thread.py:334: 
_ _ _ _ _ _ _ _ _ _ _ _ _ _ _ _ _ _ _ _ _ _ _ _ _ _ _ _ _ _ _ _ _ _ _ _ _ _ _ _

self = None, timeout = None

    def result(self, timeout=None):
        """Return the result of the call that the future represents.
    
        Args:
            timeout: The number of seconds to wait for the result if the future
                isn't done. If None, then there is no limit on the wait time.
    
        Returns:
            The result of the call that the future represents.
    
        Raises:
            CancelledError: If the future was cancelled.
            TimeoutError: If the future didn't finish executing before the given
                timeout.
            Exception: If the call raised then that exception will be raised.
        """
        try:
            with self._condition:
                if self._state in [CANCELLED, CANCELLED_AND_NOTIFIED]:
                    raise CancelledError()
                elif self._state == FINISHED:
                    return self.__get_result()
    
                self._condition.wait(timeout)
    
                if self._state in [CANCELLED, CANCELLED_AND_NOTIFIED]:
                    raise CancelledError()
                elif self._state == FINISHED:
>                   return self.__get_result()

C:\Users\naaptol\AppData\Local\Programs\Python\Python312\Lib\concurrent\futures\_base.py:456: 
_ _ _ _ _ _ _ _ _ _ _ _ _ _ _ _ _ _ _ _ _ _ _ _ _ _ _ _ _ _ _ _ _ _ _ _ _ _ _ _

self = None

    def __get_result(self):
        if self._exception:
            try:
>               raise self._exception

C:\Users\naaptol\AppData\Local\Programs\Python\Python312\Lib\concurrent\futures\_base.py:401: 
_ _ _ _ _ _ _ _ _ _ _ _ _ _ _ _ _ _ _ _ _ _ _ _ _ _ _ _ _ _ _ _ _ _ _ _ _ _ _ _

self = <anyio.from_thread.BlockingPortal object at 0x000001EE90F054F0>
func = <fastapi.applications.FastAPI object at 0x000001EE90FD79E0>
args = ({'app': <fastapi.applications.FastAPI object at 0x000001EE90FD79E0>, 'client': ['testclient', 50000], 'endpoint': <fu...ls>.receive at 0x000001EE90F30040>, <function _TestClientTransport.handle_request.<locals>.send at 0x000001EE90FF6DE0>)
kwargs = {}, future = <Future at 0x1ee90ffc9b0 state=finished raised TypeError>

    async def _call_func(
        self,
        func: Callable[[Unpack[PosArgsT]], Awaitable[T_Retval] | T_Retval],
        args: tuple[Unpack[PosArgsT]],
        kwargs: dict[str, Any],
        future: Future[T_Retval],
    ) -> None:
        def callback(f: Future[T_Retval]) -> None:
            if f.cancelled():
                if self._event_loop_thread_id == get_ident():
                    scope.cancel("the future was cancelled")
                elif self._event_loop_thread_id is not None:
                    self.call(scope.cancel, "the future was cancelled")
    
        try:
            retval_or_awaitable = func(*args, **kwargs)
            if isawaitable(retval_or_awaitable):
                with CancelScope() as scope:
                    future.add_done_callback(callback)
>                   retval = await retval_or_awaitable

C:\Users\naaptol\AppData\Local\Programs\Python\Python312\Lib\site-packages\anyio\from_thread.py:259: 
_ _ _ _ _ _ _ _ _ _ _ _ _ _ _ _ _ _ _ _ _ _ _ _ _ _ _ _ _ _ _ _ _ _ _ _ _ _ _ _

self = <fastapi.applications.FastAPI object at 0x000001EE90FD79E0>
scope = {'app': <fastapi.applications.FastAPI object at 0x000001EE90FD79E0>, 'client': ['testclient', 50000], 'endpoint': <function get_checklist at 0x000001EE90EEF380>, 'extensions': {'http.response.debug': {}}, ...}
receive = <function _TestClientTransport.handle_request.<locals>.receive at 0x000001EE90F30040>
send = <function _TestClientTransport.handle_request.<locals>.send at 0x000001EE90FF6DE0>

    async def __call__(self, scope: Scope, receive: Receive, send: Send) -> None:
        if self.root_path:
            scope["root_path"] = self.root_path
>       await super().__call__(scope, receive, send)

C:\Users\naaptol\AppData\Local\Programs\Python\Python312\Lib\site-packages\fastapi\applications.py:1054: 
_ _ _ _ _ _ _ _ _ _ _ _ _ _ _ _ _ _ _ _ _ _ _ _ _ _ _ _ _ _ _ _ _ _ _ _ _ _ _ _

self = <fastapi.applications.FastAPI object at 0x000001EE90FD79E0>
scope = {'app': <fastapi.applications.FastAPI object at 0x000001EE90FD79E0>, 'client': ['testclient', 50000], 'endpoint': <function get_checklist at 0x000001EE90EEF380>, 'extensions': {'http.response.debug': {}}, ...}
receive = <function _TestClientTransport.handle_request.<locals>.receive at 0x000001EE90F30040>
send = <function _TestClientTransport.handle_request.<locals>.send at 0x000001EE90FF6DE0>

    async def __call__(self, scope: Scope, receive: Receive, send: Send) -> None:
        scope["app"] = self
        if self.middleware_stack is None:
            self.middleware_stack = self.build_middleware_stack()
>       await self.middleware_stack(scope, receive, send)

C:\Users\naaptol\AppData\Local\Programs\Python\Python312\Lib\site-packages\starlette\applications.py:123: 
_ _ _ _ _ _ _ _ _ _ _ _ _ _ _ _ _ _ _ _ _ _ _ _ _ _ _ _ _ _ _ _ _ _ _ _ _ _ _ _

self = <starlette.middleware.errors.ServerErrorMiddleware object at 0x000001EE90A57FE0>
scope = {'app': <fastapi.applications.FastAPI object at 0x000001EE90FD79E0>, 'client': ['testclient', 50000], 'endpoint': <function get_checklist at 0x000001EE90EEF380>, 'extensions': {'http.response.debug': {}}, ...}
receive = <function _TestClientTransport.handle_request.<locals>.receive at 0x000001EE90F30040>
send = <function _TestClientTransport.handle_request.<locals>.send at 0x000001EE90FF6DE0>

    async def __call__(self, scope: Scope, receive: Receive, send: Send) -> None:
        if scope["type"] != "http":
            await self.app(scope, receive, send)
            return
    
        response_started = False
    
        async def _send(message: Message) -> None:
            nonlocal response_started, send
    
            if message["type"] == "http.response.start":
                response_started = True
            await send(message)
    
        try:
            await self.app(scope, receive, _send)
        except Exception as exc:
            request = Request(scope)
            if self.debug:
                # In debug mode, return traceback responses.
                response = self.debug_response(request, exc)
            elif self.handler is None:
                # Use our default 500 error handler.
                response = self.error_response(request, exc)
            else:
                # Use an installed 500 error handler.
                if is_async_callable(self.handler):
                    response = await self.handler(request, exc)
                else:
                    response = await run_in_threadpool(self.handler, request, exc)
    
            if not response_started:
                await response(scope, receive, send)
    
            # We always continue to raise the exception.
            # This allows servers to log the error, or allows test clients
            # to optionally raise the error within the test case.
>           raise exc

C:\Users\naaptol\AppData\Local\Programs\Python\Python312\Lib\site-packages\starlette\middleware\errors.py:186: 
_ _ _ _ _ _ _ _ _ _ _ _ _ _ _ _ _ _ _ _ _ _ _ _ _ _ _ _ _ _ _ _ _ _ _ _ _ _ _ _

self = <starlette.middleware.errors.ServerErrorMiddleware object at 0x000001EE90A57FE0>
scope = {'app': <fastapi.applications.FastAPI object at 0x000001EE90FD79E0>, 'client': ['testclient', 50000], 'endpoint': <function get_checklist at 0x000001EE90EEF380>, 'extensions': {'http.response.debug': {}}, ...}
receive = <function _TestClientTransport.handle_request.<locals>.receive at 0x000001EE90F30040>
send = <function _TestClientTransport.handle_request.<locals>.send at 0x000001EE90FF6DE0>

    async def __call__(self, scope: Scope, receive: Receive, send: Send) -> None:
        if scope["type"] != "http":
            await self.app(scope, receive, send)
            return
    
        response_started = False
    
        async def _send(message: Message) -> None:
            nonlocal response_started, send
    
            if message["type"] == "http.response.start":
                response_started = True
            await send(message)
    
        try:
>           await self.app(scope, receive, _send)

C:\Users\naaptol\AppData\Local\Programs\Python\Python312\Lib\site-packages\starlette\middleware\errors.py:164: 
_ _ _ _ _ _ _ _ _ _ _ _ _ _ _ _ _ _ _ _ _ _ _ _ _ _ _ _ _ _ _ _ _ _ _ _ _ _ _ _

self = <starlette.middleware.cors.CORSMiddleware object at 0x000001EE9105CE30>
scope = {'app': <fastapi.applications.FastAPI object at 0x000001EE90FD79E0>, 'client': ['testclient', 50000], 'endpoint': <function get_checklist at 0x000001EE90EEF380>, 'extensions': {'http.response.debug': {}}, ...}
receive = <function _TestClientTransport.handle_request.<locals>.receive at 0x000001EE90F30040>
send = <function ServerErrorMiddleware.__call__.<locals>._send at 0x000001EE90FF7BA0>

    async def __call__(self, scope: Scope, receive: Receive, send: Send) -> None:
        if scope["type"] != "http":  # pragma: no cover
            await self.app(scope, receive, send)
            return
    
        method = scope["method"]
        headers = Headers(scope=scope)
        origin = headers.get("origin")
    
        if origin is None:
>           await self.app(scope, receive, send)

C:\Users\naaptol\AppData\Local\Programs\Python\Python312\Lib\site-packages\starlette\middleware\cors.py:85: 
_ _ _ _ _ _ _ _ _ _ _ _ _ _ _ _ _ _ _ _ _ _ _ _ _ _ _ _ _ _ _ _ _ _ _ _ _ _ _ _

self = <starlette.middleware.exceptions.ExceptionMiddleware object at 0x000001EE9105CBC0>
scope = {'app': <fastapi.applications.FastAPI object at 0x000001EE90FD79E0>, 'client': ['testclient', 50000], 'endpoint': <function get_checklist at 0x000001EE90EEF380>, 'extensions': {'http.response.debug': {}}, ...}
receive = <function _TestClientTransport.handle_request.<locals>.receive at 0x000001EE90F30040>
send = <function ServerErrorMiddleware.__call__.<locals>._send at 0x000001EE90FF7BA0>

    async def __call__(self, scope: Scope, receive: Receive, send: Send) -> None:
        if scope["type"] not in ("http", "websocket"):
            await self.app(scope, receive, send)
            return
    
        scope["starlette.exception_handlers"] = (
            self._exception_handlers,
            self._status_handlers,
        )
    
        conn: Request | WebSocket
        if scope["type"] == "http":
            conn = Request(scope, receive, send)
        else:
            conn = WebSocket(scope, receive, send)
    
>       await wrap_app_handling_exceptions(self.app, conn)(scope, receive, send)

C:\Users\naaptol\AppData\Local\Programs\Python\Python312\Lib\site-packages\starlette\middleware\exceptions.py:65: 
_ _ _ _ _ _ _ _ _ _ _ _ _ _ _ _ _ _ _ _ _ _ _ _ _ _ _ _ _ _ _ _ _ _ _ _ _ _ _ _

scope = {'app': <fastapi.applications.FastAPI object at 0x000001EE90FD79E0>, 'client': ['testclient', 50000], 'endpoint': <function get_checklist at 0x000001EE90EEF380>, 'extensions': {'http.response.debug': {}}, ...}
receive = <function _TestClientTransport.handle_request.<locals>.receive at 0x000001EE90F30040>
send = <function ServerErrorMiddleware.__call__.<locals>._send at 0x000001EE90FF7BA0>

    async def wrapped_app(scope: Scope, receive: Receive, send: Send) -> None:
        response_started = False
    
        async def sender(message: Message) -> None:
            nonlocal response_started
    
            if message["type"] == "http.response.start":
                response_started = True
            await send(message)
    
        try:
            await app(scope, receive, sender)
        except Exception as exc:
            handler = None
    
            if isinstance(exc, HTTPException):
                handler = status_handlers.get(exc.status_code)
    
            if handler is None:
                handler = _lookup_exception_handler(exception_handlers, exc)
    
            if handler is None:
>               raise exc

C:\Users\naaptol\AppData\Local\Programs\Python\Python312\Lib\site-packages\starlette\_exception_handler.py:64: 
_ _ _ _ _ _ _ _ _ _ _ _ _ _ _ _ _ _ _ _ _ _ _ _ _ _ _ _ _ _ _ _ _ _ _ _ _ _ _ _

scope = {'app': <fastapi.applications.FastAPI object at 0x000001EE90FD79E0>, 'client': ['testclient', 50000], 'endpoint': <function get_checklist at 0x000001EE90EEF380>, 'extensions': {'http.response.debug': {}}, ...}
receive = <function _TestClientTransport.handle_request.<locals>.receive at 0x000001EE90F30040>
send = <function ServerErrorMiddleware.__call__.<locals>._send at 0x000001EE90FF7BA0>

    async def wrapped_app(scope: Scope, receive: Receive, send: Send) -> None:
        response_started = False
    
        async def sender(message: Message) -> None:
            nonlocal response_started
    
            if message["type"] == "http.response.start":
                response_started = True
            await send(message)
    
        try:
>           await app(scope, receive, sender)

C:\Users\naaptol\AppData\Local\Programs\Python\Python312\Lib\site-packages\starlette\_exception_handler.py:53: 
_ _ _ _ _ _ _ _ _ _ _ _ _ _ _ _ _ _ _ _ _ _ _ _ _ _ _ _ _ _ _ _ _ _ _ _ _ _ _ _

self = <fastapi.routing.APIRouter object at 0x000001EE90FD78F0>
scope = {'app': <fastapi.applications.FastAPI object at 0x000001EE90FD79E0>, 'client': ['testclient', 50000], 'endpoint': <function get_checklist at 0x000001EE90EEF380>, 'extensions': {'http.response.debug': {}}, ...}
receive = <function _TestClientTransport.handle_request.<locals>.receive at 0x000001EE90F30040>
send = <function wrap_app_handling_exceptions.<locals>.wrapped_app.<locals>.sender at 0x000001EE90FF7D80>

    async def __call__(self, scope: Scope, receive: Receive, send: Send) -> None:
        """
        The main entry point to the Router class.
        """
>       await self.middleware_stack(scope, receive, send)

C:\Users\naaptol\AppData\Local\Programs\Python\Python312\Lib\site-packages\starlette\routing.py:756: 
_ _ _ _ _ _ _ _ _ _ _ _ _ _ _ _ _ _ _ _ _ _ _ _ _ _ _ _ _ _ _ _ _ _ _ _ _ _ _ _

self = <fastapi.routing.APIRouter object at 0x000001EE90FD78F0>
scope = {'app': <fastapi.applications.FastAPI object at 0x000001EE90FD79E0>, 'client': ['testclient', 50000], 'endpoint': <function get_checklist at 0x000001EE90EEF380>, 'extensions': {'http.response.debug': {}}, ...}
receive = <function _TestClientTransport.handle_request.<locals>.receive at 0x000001EE90F30040>
send = <function wrap_app_handling_exceptions.<locals>.wrapped_app.<locals>.sender at 0x000001EE90FF7D80>

    async def app(self, scope: Scope, receive: Receive, send: Send) -> None:
        assert scope["type"] in ("http", "websocket", "lifespan")
    
        if "router" not in scope:
            scope["router"] = self
    
        if scope["type"] == "lifespan":
            await self.lifespan(scope, receive, send)
            return
    
        partial = None
    
        for route in self.routes:
            # Determine if any route matches the incoming scope,
            # and hand over to the matching route if found.
            match, child_scope = route.matches(scope)
            if match == Match.FULL:
                scope.update(child_scope)
>               await route.handle(scope, receive, send)

C:\Users\naaptol\AppData\Local\Programs\Python\Python312\Lib\site-packages\starlette\routing.py:776: 
_ _ _ _ _ _ _ _ _ _ _ _ _ _ _ _ _ _ _ _ _ _ _ _ _ _ _ _ _ _ _ _ _ _ _ _ _ _ _ _

self = APIRoute(path='/api/checklist', name='get_checklist', methods=['GET'])
scope = {'app': <fastapi.applications.FastAPI object at 0x000001EE90FD79E0>, 'client': ['testclient', 50000], 'endpoint': <function get_checklist at 0x000001EE90EEF380>, 'extensions': {'http.response.debug': {}}, ...}
receive = <function _TestClientTransport.handle_request.<locals>.receive at 0x000001EE90F30040>
send = <function wrap_app_handling_exceptions.<locals>.wrapped_app.<locals>.sender at 0x000001EE90FF7D80>

    async def handle(self, scope: Scope, receive: Receive, send: Send) -> None:
        if self.methods and scope["method"] not in self.methods:
            headers = {"Allow": ", ".join(self.methods)}
            if "app" in scope:
                raise HTTPException(status_code=405, headers=headers)
            else:
                response = PlainTextResponse(
                    "Method Not Allowed", status_code=405, headers=headers
                )
            await response(scope, receive, send)
        else:
>           await self.app(scope, receive, send)

C:\Users\naaptol\AppData\Local\Programs\Python\Python312\Lib\site-packages\starlette\routing.py:297: 
_ _ _ _ _ _ _ _ _ _ _ _ _ _ _ _ _ _ _ _ _ _ _ _ _ _ _ _ _ _ _ _ _ _ _ _ _ _ _ _

scope = {'app': <fastapi.applications.FastAPI object at 0x000001EE90FD79E0>, 'client': ['testclient', 50000], 'endpoint': <function get_checklist at 0x000001EE90EEF380>, 'extensions': {'http.response.debug': {}}, ...}
receive = <function _TestClientTransport.handle_request.<locals>.receive at 0x000001EE90F30040>
send = <function wrap_app_handling_exceptions.<locals>.wrapped_app.<locals>.sender at 0x000001EE90FF7D80>

    async def app(scope: Scope, receive: Receive, send: Send) -> None:
        request = Request(scope, receive, send)
    
        async def app(scope: Scope, receive: Receive, send: Send) -> None:
            if is_async_callable(func):
                response = await func(request)
            else:
                response = await run_in_threadpool(func, request)
            await response(scope, receive, send)
    
>       await wrap_app_handling_exceptions(app, request)(scope, receive, send)

C:\Users\naaptol\AppData\Local\Programs\Python\Python312\Lib\site-packages\starlette\routing.py:77: 
_ _ _ _ _ _ _ _ _ _ _ _ _ _ _ _ _ _ _ _ _ _ _ _ _ _ _ _ _ _ _ _ _ _ _ _ _ _ _ _

scope = {'app': <fastapi.applications.FastAPI object at 0x000001EE90FD79E0>, 'client': ['testclient', 50000], 'endpoint': <function get_checklist at 0x000001EE90EEF380>, 'extensions': {'http.response.debug': {}}, ...}
receive = <function _TestClientTransport.handle_request.<locals>.receive at 0x000001EE90F30040>
send = <function wrap_app_handling_exceptions.<locals>.wrapped_app.<locals>.sender at 0x000001EE90FF7D80>

    async def wrapped_app(scope: Scope, receive: Receive, send: Send) -> None:
        response_started = False
    
        async def sender(message: Message) -> None:
            nonlocal response_started
    
            if message["type"] == "http.response.start":
                response_started = True
            await send(message)
    
        try:
            await app(scope, receive, sender)
        except Exception as exc:
            handler = None
    
            if isinstance(exc, HTTPException):
                handler = status_handlers.get(exc.status_code)
    
            if handler is None:
                handler = _lookup_exception_handler(exception_handlers, exc)
    
            if handler is None:
>               raise exc

C:\Users\naaptol\AppData\Local\Programs\Python\Python312\Lib\site-packages\starlette\_exception_handler.py:64: 
_ _ _ _ _ _ _ _ _ _ _ _ _ _ _ _ _ _ _ _ _ _ _ _ _ _ _ _ _ _ _ _ _ _ _ _ _ _ _ _

scope = {'app': <fastapi.applications.FastAPI object at 0x000001EE90FD79E0>, 'client': ['testclient', 50000], 'endpoint': <function get_checklist at 0x000001EE90EEF380>, 'extensions': {'http.response.debug': {}}, ...}
receive = <function _TestClientTransport.handle_request.<locals>.receive at 0x000001EE90F30040>
send = <function wrap_app_handling_exceptions.<locals>.wrapped_app.<locals>.sender at 0x000001EE90FF7D80>

    async def wrapped_app(scope: Scope, receive: Receive, send: Send) -> None:
        response_started = False
    
        async def sender(message: Message) -> None:
            nonlocal response_started
    
            if message["type"] == "http.response.start":
                response_started = True
            await send(message)
    
        try:
>           await app(scope, receive, sender)

C:\Users\naaptol\AppData\Local\Programs\Python\Python312\Lib\site-packages\starlette\_exception_handler.py:53: 
_ _ _ _ _ _ _ _ _ _ _ _ _ _ _ _ _ _ _ _ _ _ _ _ _ _ _ _ _ _ _ _ _ _ _ _ _ _ _ _

scope = {'app': <fastapi.applications.FastAPI object at 0x000001EE90FD79E0>, 'client': ['testclient', 50000], 'endpoint': <function get_checklist at 0x000001EE90EEF380>, 'extensions': {'http.response.debug': {}}, ...}
receive = <function _TestClientTransport.handle_request.<locals>.receive at 0x000001EE90F30040>
send = <function wrap_app_handling_exceptions.<locals>.wrapped_app.<locals>.sender at 0x000001EE91032DE0>

    async def app(scope: Scope, receive: Receive, send: Send) -> None:
        if is_async_callable(func):
>           response = await func(request)

C:\Users\naaptol\AppData\Local\Programs\Python\Python312\Lib\site-packages\starlette\routing.py:72: 
_ _ _ _ _ _ _ _ _ _ _ _ _ _ _ _ _ _ _ _ _ _ _ _ _ _ _ _ _ _ _ _ _ _ _ _ _ _ _ _

request = <starlette.requests.Request object at 0x000001EE9105D160>

    async def app(request: Request) -> Response:
        response: Union[Response, None] = None
        async with AsyncExitStack() as file_stack:
            try:
                body: Any = None
                if body_field:
                    if is_body_form:
                        body = await request.form()
                        file_stack.push_async_callback(body.close)
                    else:
                        body_bytes = await request.body()
                        if body_bytes:
                            json_body: Any = Undefined
                            content_type_value = request.headers.get("content-type")
                            if not content_type_value:
                                json_body = await request.json()
                            else:
                                message = email.message.Message()
                                message["content-type"] = content_type_value
                                if message.get_content_maintype() == "application":
                                    subtype = message.get_content_subtype()
                                    if subtype == "json" or subtype.endswith("+json"):
                                        json_body = await request.json()
                            if json_body != Undefined:
                                body = json_body
                            else:
                                body = body_bytes
            except json.JSONDecodeError as e:
                validation_error = RequestValidationError(
                    [
                        {
                            "type": "json_invalid",
                            "loc": ("body", e.pos),
                            "msg": "JSON decode error",
                            "input": {},
                            "ctx": {"error": e.msg},
                        }
                    ],
                    body=e.doc,
                )
                raise validation_error from e
            except HTTPException:
                # If a middleware raises an HTTPException, it should be raised again
                raise
            except Exception as e:
                http_error = HTTPException(
                    status_code=400, detail="There was an error parsing the body"
                )
                raise http_error from e
            errors: List[Any] = []
            async with AsyncExitStack() as async_exit_stack:
                solved_result = await solve_dependencies(
                    request=request,
                    dependant=dependant,
                    body=body,
                    dependency_overrides_provider=dependency_overrides_provider,
                    async_exit_stack=async_exit_stack,
                )
                values, errors, background_tasks, sub_response, _ = solved_result
                if not errors:
>                   raw_response = await run_endpoint_function(
                        dependant=dependant, values=values, is_coroutine=is_coroutine
                    )

C:\Users\naaptol\AppData\Local\Programs\Python\Python312\Lib\site-packages\fastapi\routing.py:278: 
_ _ _ _ _ _ _ _ _ _ _ _ _ _ _ _ _ _ _ _ _ _ _ _ _ _ _ _ _ _ _ _ _ _ _ _ _ _ _ _

    async def run_endpoint_function(
        *, dependant: Dependant, values: Dict[str, Any], is_coroutine: bool
    ) -> Any:
        # Only called by get_request_handler. Has been split into its own function to
        # facilitate profiling endpoints, since inner functions are harder to profile.
        assert dependant.call is not None, "dependant.call must be a function"
    
        if is_coroutine:
>           return await dependant.call(**values)

C:\Users\naaptol\AppData\Local\Programs\Python\Python312\Lib\site-packages\fastapi\routing.py:191: 
_ _ _ _ _ _ _ _ _ _ _ _ _ _ _ _ _ _ _ _ _ _ _ _ _ _ _ _ _ _ _ _ _ _ _ _ _ _ _ _

session_id = <MagicMock name='mock.auth.get_user().user.id' id='2124163763952'>

    @router.get("")
    async def get_checklist(session_id: str = Depends(verify_session)):
>       sb = get_supabase()

routers\checklist.py:21: 
_ _ _ _ _ _ _ _ _ _ _ _ _ _ _ _ _ _ _ _ _ _ _ _ _ _ _ _ _ _ _ _ _ _ _ _ _ _ _ _

    @lru_cache(maxsize=1)
    def get_supabase() -> Client:
>       return create_client(
            os.environ["SUPABASE_URL"],
            os.environ["SUPABASE_SERVICE_ROLE_KEY"],
        )

services\supabase_client.py:11: 
_ _ _ _ _ _ _ _ _ _ _ _ _ _ _ _ _ _ _ _ _ _ _ _ _ _ _ _ _ _ _ _ _ _ _ _ _ _ _ _

supabase_url = 'https://test.supabase.co'
supabase_key = 'eyJhbGciOiJIUzI1NiIsInR5cCI6IkpXVCJ9.eyJzdWIiOiIxMjM0NTY3ODkwIiwibmFtZSI6IkpvaG4gRG9lIiwiaWF0IjoxNTE2MjM5MDIyfQ.SflKxwRJSMeKKF2QT4fwpMeJf36POk6yJV_adQssw5c'
options = ClientOptions(schema='public', headers={'X-Client-Info': 'supabase-py/2.4.0', 'apiKey': 'eyJhbGciOiJIUzI1NiIsInR5cCI6I...t at 0x000001EE90EE08F0>, realtime=None, postgrest_client_timeout=120, storage_client_timeout=20, flow_type='implicit')

    def create_client(
        supabase_url: str,
        supabase_key: str,
        options: ClientOptions = ClientOptions(storage=SyncMemoryStorage()),
    ) -> SyncClient:
        """Create client function to instantiate supabase client like JS runtime.
    
        Parameters
        ----------
        supabase_url: str
            The URL to the Supabase instance that should be connected to.
        supabase_key: str
            The API key to the Supabase instance that should be connected to.
        **options
            Any extra settings to be optionally specified - also see the
            `DEFAULT_OPTIONS` dict.
    
        Examples
        --------
        Instantiating the client.
        >>> import os
        >>> from supabase import create_client, Client
        >>>
        >>> url: str = os.environ.get("SUPABASE_TEST_URL")
        >>> key: str = os.environ.get("SUPABASE_TEST_KEY")
        >>> supabase: Client = create_client(url, key)
    
        Returns
        -------
        Client
        """
>       return SyncClient.create(
            supabase_url=supabase_url, supabase_key=supabase_key, options=options
        )

C:\Users\naaptol\AppData\Local\Programs\Python\Python312\Lib\site-packages\supabase\_sync\client.py:313: 
_ _ _ _ _ _ _ _ _ _ _ _ _ _ _ _ _ _ _ _ _ _ _ _ _ _ _ _ _ _ _ _ _ _ _ _ _ _ _ _

cls = <class 'supabase._sync.client.SyncClient'>
supabase_url = 'https://test.supabase.co'
supabase_key = 'eyJhbGciOiJIUzI1NiIsInR5cCI6IkpXVCJ9.eyJzdWIiOiIxMjM0NTY3ODkwIiwibmFtZSI6IkpvaG4gRG9lIiwiaWF0IjoxNTE2MjM5MDIyfQ.SflKxwRJSMeKKF2QT4fwpMeJf36POk6yJV_adQssw5c'
options = ClientOptions(schema='public', headers={'X-Client-Info': 'supabase-py/2.4.0', 'apiKey': 'eyJhbGciOiJIUzI1NiIsInR5cCI6I...t at 0x000001EE90EE08F0>, realtime=None, postgrest_client_timeout=120, storage_client_timeout=20, flow_type='implicit')

    @classmethod
    def create(
        cls,
        supabase_url: str,
        supabase_key: str,
        options: ClientOptions = ClientOptions(),
    ):
>       client = cls(supabase_url, supabase_key, options)

C:\Users\naaptol\AppData\Local\Programs\Python\Python312\Lib\site-packages\supabase\_sync\client.py:102: 
_ _ _ _ _ _ _ _ _ _ _ _ _ _ _ _ _ _ _ _ _ _ _ _ _ _ _ _ _ _ _ _ _ _ _ _ _ _ _ _

self = <supabase._sync.client.SyncClient object at 0x000001EE91040260>
supabase_url = 'https://test.supabase.co'
supabase_key = 'eyJhbGciOiJIUzI1NiIsInR5cCI6IkpXVCJ9.eyJzdWIiOiIxMjM0NTY3ODkwIiwibmFtZSI6IkpvaG4gRG9lIiwiaWF0IjoxNTE2MjM5MDIyfQ.SflKxwRJSMeKKF2QT4fwpMeJf36POk6yJV_adQssw5c'
options = ClientOptions(schema='public', headers={'X-Client-Info': 'supabase-py/2.4.0', 'apiKey': 'eyJhbGciOiJIUzI1NiIsInR5cCI6I...t at 0x000001EE90EE08F0>, realtime=None, postgrest_client_timeout=120, storage_client_timeout=20, flow_type='implicit')

    def __init__(
        self,
        supabase_url: str,
        supabase_key: str,
        options: ClientOptions = ClientOptions(storage=SyncMemoryStorage()),
    ):
        """Instantiate the client.
    
        Parameters
        ----------
        supabase_url: str
            The URL to the Supabase instance that should be connected to.
        supabase_key: str
            The API key to the Supabase instance that should be connected to.
        **options
            Any extra settings to be optionally specified - also see the
            `DEFAULT_OPTIONS` dict.
        """
    
        if not supabase_url:
            raise SupabaseException("supabase_url is required")
        if not supabase_key:
            raise SupabaseException("supabase_key is required")
    
        # Check if the url and key are valid
        if not re.match(r"^(https?)://.+", supabase_url):
            raise SupabaseException("Invalid URL")
    
        # Check if the key is a valid JWT
        if not re.match(
            r"^[A-Za-z0-9-_=]+\.[A-Za-z0-9-_=]+\.?[A-Za-z0-9-_.+/=]*$", supabase_key
        ):
            raise SupabaseException("Invalid API key")
    
        self.supabase_url = supabase_url
        self.supabase_key = supabase_key
        self._auth_token = {
            "Authorization": f"Bearer {supabase_key}",
        }
        options.headers.update(self._get_auth_headers())
        self.options = options
        self.rest_url = f"{supabase_url}/rest/v1"
        self.realtime_url = f"{supabase_url}/realtime/v1".replace("http", "ws")
        self.auth_url = f"{supabase_url}/auth/v1"
        self.storage_url = f"{supabase_url}/storage/v1"
        self.functions_url = f"{supabase_url}/functions/v1"
        self.schema = options.schema
    
        # Instantiate clients.
>       self.auth = self._init_supabase_auth_client(
            auth_url=self.auth_url,
            client_options=options,
        )

C:\Users\naaptol\AppData\Local\Programs\Python\Python312\Lib\site-packages\supabase\_sync\client.py:80: 
_ _ _ _ _ _ _ _ _ _ _ _ _ _ _ _ _ _ _ _ _ _ _ _ _ _ _ _ _ _ _ _ _ _ _ _ _ _ _ _

auth_url = 'https://test.supabase.co/auth/v1'
client_options = ClientOptions(schema='public', headers={'X-Client-Info': 'supabase-py/2.4.0', 'apiKey': 'eyJhbGciOiJIUzI1NiIsInR5cCI6I...t at 0x000001EE90EE08F0>, realtime=None, postgrest_client_timeout=120, storage_client_timeout=20, flow_type='implicit')

    @staticmethod
    def _init_supabase_auth_client(
        auth_url: str,
        client_options: ClientOptions,
    ) -> SyncSupabaseAuthClient:
        """Creates a wrapped instance of the GoTrue Client."""
>       return SyncSupabaseAuthClient(
            url=auth_url,
            auto_refresh_token=client_options.auto_refresh_token,
            persist_session=client_options.persist_session,
            storage=client_options.storage,
            headers=client_options.headers,
            flow_type=client_options.flow_type,
        )

C:\Users\naaptol\AppData\Local\Programs\Python\Python312\Lib\site-packages\supabase\_sync\client.py:226: 
_ _ _ _ _ _ _ _ _ _ _ _ _ _ _ _ _ _ _ _ _ _ _ _ _ _ _ _ _ _ _ _ _ _ _ _ _ _ _ _

self = <supabase._sync.auth_client.SyncSupabaseAuthClient object at 0x000001EE90D0C5C0>

    def __init__(
        self,
        *,
        url: str,
        headers: Optional[Dict[str, str]] = None,
        storage_key: Optional[str] = None,
        auto_refresh_token: bool = True,
        persist_session: bool = True,
        storage: SyncSupportedStorage = SyncMemoryStorage(),
        http_client: Optional[SyncClient] = None,
        flow_type: AuthFlowType = "implicit"
    ):
        """Instantiate SupabaseAuthClient instance."""
        if headers is None:
            headers = {}
    
>       SyncGoTrueClient.__init__(
            self,
            url=url,
            headers=headers,
            storage_key=storage_key,
            auto_refresh_token=auto_refresh_token,
            persist_session=persist_session,
            storage=storage,
            http_client=http_client,
            flow_type=flow_type,
        )

C:\Users\naaptol\AppData\Local\Programs\Python\Python312\Lib\site-packages\supabase\_sync\auth_client.py:31: 
_ _ _ _ _ _ _ _ _ _ _ _ _ _ _ _ _ _ _ _ _ _ _ _ _ _ _ _ _ _ _ _ _ _ _ _ _ _ _ _

self = <supabase._sync.auth_client.SyncSupabaseAuthClient object at 0x000001EE90D0C5C0>

    def __init__(
        self,
        *,
        url: Union[str, None] = None,
        headers: Union[Dict[str, str], None] = None,
        storage_key: Union[str, None] = None,
        auto_refresh_token: bool = True,
        persist_session: bool = True,
        storage: Union[SyncSupportedStorage, None] = None,
        http_client: Union[SyncClient, None] = None,
        flow_type: AuthFlowType = "implicit",
        verify: bool = True,
        proxy: Optional[str] = None,
    ) -> None:
>       SyncGoTrueBaseAPI.__init__(
            self,
            url=url or GOTRUE_URL,
            headers=headers or DEFAULT_HEADERS,
            http_client=http_client,
            verify=verify,
            proxy=proxy,
        )

C:\Users\naaptol\AppData\Local\Programs\Python\Python312\Lib\site-packages\gotrue\_sync\gotrue_client.py:101: 
_ _ _ _ _ _ _ _ _ _ _ _ _ _ _ _ _ _ _ _ _ _ _ _ _ _ _ _ _ _ _ _ _ _ _ _ _ _ _ _

self = <supabase._sync.auth_client.SyncSupabaseAuthClient object at 0x000001EE90D0C5C0>

    def __init__(
        self,
        *,
        url: str,
        headers: Dict[str, str],
        http_client: Union[SyncClient, None],
        verify: bool = True,
        proxy: Optional[str] = None,
    ):
        self._url = url
        self._headers = headers
>       self._http_client = http_client or SyncClient(
            verify=bool(verify),
            proxy=proxy,
            follow_redirects=True,
            http2=True,
        )
E       TypeError: Client.__init__() got an unexpected keyword argument 'proxy'

C:\Users\naaptol\AppData\Local\Programs\Python\Python312\Lib\site-packages\gotrue\_sync\gotrue_base_api.py:28: TypeError
============================== warnings summary ===============================
C:\Users\naaptol\AppData\Local\Programs\Python\Python312\Lib\site-packages\starlette\formparsers.py:12
  C:\Users\naaptol\AppData\Local\Programs\Python\Python312\Lib\site-packages\starlette\formparsers.py:12: PendingDeprecationWarning: Please use `import python_multipart` instead.
    import multipart

backend/tests/test_checklist.py::test_checklist_seeds_defaults
  <frozen importlib._bootstrap>:488: DeprecationWarning: Type google._upb._message.MessageMapContainer uses PyType_Spec with a metaclass that has custom tp_new. This is deprecated and will no longer be allowed in Python 3.14.

backend/tests/test_checklist.py::test_checklist_seeds_defaults
  <frozen importlib._bootstrap>:488: DeprecationWarning: Type google._upb._message.ScalarMapContainer uses PyType_Spec with a metaclass that has custom tp_new. This is deprecated and will no longer be allowed in Python 3.14.

backend/tests/test_checklist.py::test_checklist_seeds_defaults
  C:\Users\naaptol\AppData\Local\Programs\Python\Python312\Lib\site-packages\vertexai\preview\_workflow\shared\model_utils.py:64: DeprecationWarning: 
  After May 30, 2024, importing any code below will result in an error.
  Please verify that you are explicitly pinning to a version of `google-cloud-aiplatform`
  (e.g., google-cloud-aiplatform==[1.32.0, 1.49.0]) if you need to continue using this
  library.
  
  from vertexai.preview import (
      init,
      remote,
      VertexModel,
      register,
      from_pretrained,
      developer,
      hyperparameter_tuning,
      tabular_models,
  )
  
    warnings.warn(constants._V2_0_WARNING_MSG, DeprecationWarning, stacklevel=1)

backend/tests/test_checklist.py::test_checklist_seeds_defaults
  C:\Users\naaptol\AppData\Local\Programs\Python\Python312\Lib\site-packages\vertexai\preview\_workflow\driver\remote.py:45: DeprecationWarning: 
  After May 30, 2024, importing any code below will result in an error.
  Please verify that you are explicitly pinning to a version of `google-cloud-aiplatform`
  (e.g., google-cloud-aiplatform==[1.32.0, 1.49.0]) if you need to continue using this
  library.
  
  from vertexai.preview import (
      init,
      remote,
      VertexModel,
      register,
      from_pretrained,
      developer,
      hyperparameter_tuning,
      tabular_models,
  )
  
    warnings.warn(constants._V2_0_WARNING_MSG, DeprecationWarning, stacklevel=1)

backend/tests/test_checklist.py::test_checklist_seeds_defaults
  C:\Users\naaptol\AppData\Local\Programs\Python\Python312\Lib\site-packages\vertexai\preview\developer\__init__.py:33: DeprecationWarning: 
  After May 30, 2024, importing any code below will result in an error.
  Please verify that you are explicitly pinning to a version of `google-cloud-aiplatform`
  (e.g., google-cloud-aiplatform==[1.32.0, 1.49.0]) if you need to continue using this
  library.
  
  from vertexai.preview import (
      init,
      remote,
      VertexModel,
      register,
      from_pretrained,
      developer,
      hyperparameter_tuning,
      tabular_models,
  )
  
    warnings.warn(constants._V2_0_WARNING_MSG, DeprecationWarning, stacklevel=1)

backend/tests/test_checklist.py::test_checklist_seeds_defaults
  C:\Users\naaptol\AppData\Local\Programs\Python\Python312\Lib\site-packages\vertexai\preview\hyperparameter_tuning\__init__.py:25: DeprecationWarning: 
  After May 30, 2024, importing any code below will result in an error.
  Please verify that you are explicitly pinning to a version of `google-cloud-aiplatform`
  (e.g., google-cloud-aiplatform==[1.32.0, 1.49.0]) if you need to continue using this
  library.
  
  from vertexai.preview import (
      init,
      remote,
      VertexModel,
      register,
      from_pretrained,
      developer,
      hyperparameter_tuning,
      tabular_models,
  )
  
    warnings.warn(constants._V2_0_WARNING_MSG, DeprecationWarning, stacklevel=1)

backend/tests/test_checklist.py::test_checklist_seeds_defaults
  C:\Users\naaptol\AppData\Local\Programs\Python\Python312\Lib\site-packages\vertexai\preview\initializer.py:36: DeprecationWarning: 
  After May 30, 2024, importing any code below will result in an error.
  Please verify that you are explicitly pinning to a version of `google-cloud-aiplatform`
  (e.g., google-cloud-aiplatform==[1.32.0, 1.49.0]) if you need to continue using this
  library.
  
  from vertexai.preview import (
      init,
      remote,
      VertexModel,
      register,
      from_pretrained,
      developer,
      hyperparameter_tuning,
      tabular_models,
  )
  
    warnings.warn(constants._V2_0_WARNING_MSG, DeprecationWarning, stacklevel=1)

backend/tests/test_checklist.py::test_checklist_seeds_defaults
  C:\Users\naaptol\AppData\Local\Programs\Python\Python312\Lib\site-packages\vertexai\preview\tabular_models\__init__.py:24: DeprecationWarning: 
  After May 30, 2024, importing any code below will result in an error.
  Please verify that you are explicitly pinning to a version of `google-cloud-aiplatform`
  (e.g., google-cloud-aiplatform==[1.32.0, 1.49.0]) if you need to continue using this
  library.
  
  from vertexai.preview import (
      init,
      remote,
      VertexModel,
      register,
      from_pretrained,
      developer,
      hyperparameter_tuning,
      tabular_models,
  )
  
    warnings.warn(constants._V2_0_WARNING_MSG, DeprecationWarning, stacklevel=1)

-- Docs: https://docs.pytest.org/en/stable/how-to/capture-warnings.html
=========================== short test summary info ===========================
FAILED tests\test_checklist.py::test_checklist_seeds_defaults - TypeError: Cl...
======================== 1 failed, 9 warnings in 3.69s ========================
